// Jest Snapshot v1, https://goo.gl/fbAQLP

exports[`Accordion renders correctly with default props 1`] = `
<View
  style={
    {
      "borderBottomColor": "#CDCDCD",
      "borderBottomWidth": 2,
      "borderTopColor": "#CDCDCD",
      "borderTopWidth": 2,
      "padding": 16,
      "width": "100%",
    }
  }
>
  <View
    style={
      {
        "alignItems": "center",
        "flexDirection": "row",
        "justifyContent": "space-between",
      }
    }
  >
    <View
      style={
        {
          "flexDirection": "column",
          "gap": 4,
        }
      }
    >
      <View
        style={
          {
            "alignItems": "center",
            "flexDirection": "row",
          }
        }
      >
        <Text
          numberOfLines={0}
          style={
            {
              "color": "#1C1C1C",
              "fontFamily": "heading-bold",
              "fontSize": 16,
            }
          }
        >
          Test Title
        </Text>
      </View>
    </View>
    <View>
      <View
        accessibilityState={
          {
            "busy": undefined,
            "checked": undefined,
            "disabled": undefined,
            "expanded": undefined,
            "selected": undefined,
          }
        }
        accessibilityValue={
          {
            "max": undefined,
            "min": undefined,
            "now": undefined,
            "text": undefined,
          }
        }
        accessible={true}
        aria-role="button"
        collapsable={false}
        focusable={true}
        hitSlop={
          {
            "bottom": 20,
            "left": 20,
            "right": 20,
            "top": 20,
          }
        }
        onBlur={[Function]}
        onClick={[Function]}
        onFocus={[Function]}
        onResponderGrant={[Function]}
        onResponderMove={[Function]}
        onResponderRelease={[Function]}
        onResponderTerminate={[Function]}
        onResponderTerminationRequest={[Function]}
        onStartShouldSetResponder={[Function]}
        testID="accordion-toggle"
      >
        <View
          color="#0A7092"
          name="chevron-up"
          size={16}
          testID="chevron-up"
        />
      </View>
    </View>
  </View>
  <View
    style={
      {
        "marginTop": 8,
      }
    }
  >
    <Text
      testID="test-content"
    >
      Test Content
    </Text>
  </View>
</View>
`;
